\BOOKMARK [0][-]{chapter.1}{\376\377\0001\000\040\004\020\004\073\004\104\004\060\004\062\004\070\004\102\004\075\004\113\004\071\000\040\004\103\004\072\004\060\004\067\004\060\004\102\004\065\004\073\004\114\000\040\004\072\004\073\004\060\004\101\004\101\004\076\004\062}{}% 1
\BOOKMARK [1][-]{section.1.1}{\376\377\0001\000.\0001\000\040\004\032\004\073\004\060\004\101\004\101\004\113}{chapter.1}% 2
\BOOKMARK [0][-]{chapter.2}{\376\377\0002\000\040\004\041\004\077\004\070\004\101\004\076\004\072\000\040\004\104\004\060\004\071\004\073\004\076\004\062}{}% 3
\BOOKMARK [1][-]{section.2.1}{\376\377\0002\000.\0001\000\040\004\044\004\060\004\071\004\073\004\113}{chapter.2}% 4
\BOOKMARK [0][-]{chapter.3}{\376\377\0003\000\040\004\032\004\073\004\060\004\101\004\101\004\113}{}% 5
\BOOKMARK [1][-]{section.3.1}{\376\377\0003\000.\0001\000\040\004\032\004\073\004\060\004\101\004\101\000\040\000A\000u\000t\000h\000M\000a\000n\000a\000g\000e\000r}{chapter.3}% 6
\BOOKMARK [2][-]{subsection.3.1.1}{\376\377\0003\000.\0001\000.\0001\000\040\004\037\004\076\004\064\004\100\004\076\004\061\004\075\004\076\004\065\000\040\004\076\004\077\004\070\004\101\004\060\004\075\004\070\004\065}{section.3.1}% 7
\BOOKMARK [2][-]{subsection.3.1.2}{\376\377\0003\000.\0001\000.\0002\000\040\004\032\004\076\004\075\004\101\004\102\004\100\004\103\004\072\004\102\004\076\004\100\000\050\004\113\000\051}{section.3.1}% 8
\BOOKMARK [3][-]{subsubsection.3.1.2.1}{\376\377\0003\000.\0001\000.\0002\000.\0001\000\040\000A\000u\000t\000h\000M\000a\000n\000a\000g\000e\000r\000\050\000\051}{subsection.3.1.2}% 9
\BOOKMARK [2][-]{subsection.3.1.3}{\376\377\0003\000.\0001\000.\0003\000\040\004\034\004\065\004\102\004\076\004\064\004\113}{section.3.1}% 10
\BOOKMARK [3][-]{subsubsection.3.1.3.1}{\376\377\0003\000.\0001\000.\0003\000.\0001\000\040\000a\000u\000t\000h\000e\000n\000t\000i\000c\000a\000t\000e\000\050\000\051}{subsection.3.1.3}% 11
\BOOKMARK [3][-]{subsubsection.3.1.3.2}{\376\377\0003\000.\0001\000.\0003\000.\0002\000\040\000c\000o\000m\000p\000u\000t\000e\000H\000a\000s\000h\000\050\000\051}{subsection.3.1.3}% 12
\BOOKMARK [3][-]{subsubsection.3.1.3.3}{\376\377\0003\000.\0001\000.\0003\000.\0003\000\040\000g\000e\000n\000e\000r\000a\000t\000e\000S\000a\000l\000t\000\050\000\051}{subsection.3.1.3}% 13
\BOOKMARK [3][-]{subsubsection.3.1.3.4}{\376\377\0003\000.\0001\000.\0003\000.\0004\000\040\000l\000o\000a\000d\000U\000s\000e\000r\000D\000a\000t\000a\000b\000a\000s\000e\000\050\000\051}{subsection.3.1.3}% 14
\BOOKMARK [2][-]{subsection.3.1.4}{\376\377\0003\000.\0001\000.\0004\000\040\004\024\004\060\004\075\004\075\004\113\004\065\000\040\004\072\004\073\004\060\004\101\004\101\004\060}{section.3.1}% 15
\BOOKMARK [3][-]{subsubsection.3.1.4.1}{\376\377\0003\000.\0001\000.\0004\000.\0001\000\040\000m\000\137\000d\000i\000s}{subsection.3.1.4}% 16
\BOOKMARK [3][-]{subsubsection.3.1.4.2}{\376\377\0003\000.\0001\000.\0004\000.\0002\000\040\000m\000\137\000g\000e\000n}{subsection.3.1.4}% 17
\BOOKMARK [3][-]{subsubsection.3.1.4.3}{\376\377\0003\000.\0001\000.\0004\000.\0003\000\040\000m\000\137\000r\000d}{subsection.3.1.4}% 18
\BOOKMARK [3][-]{subsubsection.3.1.4.4}{\376\377\0003\000.\0001\000.\0004\000.\0004\000\040\000m\000\137\000u\000s\000e\000r\000s}{subsection.3.1.4}% 19
\BOOKMARK [1][-]{section.3.2}{\376\377\0003\000.\0002\000\040\004\032\004\073\004\060\004\101\004\101\000\040\000I\000n\000t\000e\000r\000f\000a\000c\000e}{chapter.3}% 20
\BOOKMARK [2][-]{subsection.3.2.1}{\376\377\0003\000.\0002\000.\0001\000\040\004\037\004\076\004\064\004\100\004\076\004\061\004\075\004\076\004\065\000\040\004\076\004\077\004\070\004\101\004\060\004\075\004\070\004\065}{section.3.2}% 21
\BOOKMARK [2][-]{subsection.3.2.2}{\376\377\0003\000.\0002\000.\0002\000\040\004\032\004\076\004\075\004\101\004\102\004\100\004\103\004\072\004\102\004\076\004\100\000\050\004\113\000\051}{section.3.2}% 22
\BOOKMARK [3][-]{subsubsection.3.2.2.1}{\376\377\0003\000.\0002\000.\0002\000.\0001\000\040\000I\000n\000t\000e\000r\000f\000a\000c\000e\000\050\000\051}{subsection.3.2.2}% 23
\BOOKMARK [2][-]{subsection.3.2.3}{\376\377\0003\000.\0002\000.\0003\000\040\004\034\004\065\004\102\004\076\004\064\004\113}{section.3.2}% 24
\BOOKMARK [3][-]{subsubsection.3.2.3.1}{\376\377\0003\000.\0002\000.\0003\000.\0001\000\040\000g\000e\000t\000P\000a\000r\000a\000m\000s\000\050\000\051}{subsection.3.2.3}% 25
\BOOKMARK [3][-]{subsubsection.3.2.3.2}{\376\377\0003\000.\0002\000.\0003\000.\0002\000\040\000p\000a\000r\000s\000e\000\050\000\051}{subsection.3.2.3}% 26
\BOOKMARK [3][-]{subsubsection.3.2.3.3}{\376\377\0003\000.\0002\000.\0003\000.\0003\000\040\000p\000r\000i\000n\000t\000H\000e\000l\000p\000\050\000\051}{subsection.3.2.3}% 27
\BOOKMARK [2][-]{subsection.3.2.4}{\376\377\0003\000.\0002\000.\0004\000\040\004\024\004\060\004\075\004\075\004\113\004\065\000\040\004\072\004\073\004\060\004\101\004\101\004\060}{section.3.2}% 28
\BOOKMARK [3][-]{subsubsection.3.2.4.1}{\376\377\0003\000.\0002\000.\0004\000.\0001\000\040\000d\000e\000s\000c}{subsection.3.2.4}% 29
\BOOKMARK [3][-]{subsubsection.3.2.4.2}{\376\377\0003\000.\0002\000.\0004\000.\0002\000\040\000p\000a\000r\000a\000m\000s}{subsection.3.2.4}% 30
\BOOKMARK [3][-]{subsubsection.3.2.4.3}{\376\377\0003\000.\0002\000.\0004\000.\0003\000\040\000v\000m}{subsection.3.2.4}% 31
\BOOKMARK [1][-]{section.3.3}{\376\377\0003\000.\0003\000\040\004\032\004\073\004\060\004\101\004\101\000\040\000L\000o\000g\000g\000e\000r}{chapter.3}% 32
\BOOKMARK [2][-]{subsection.3.3.1}{\376\377\0003\000.\0003\000.\0001\000\040\004\032\004\076\004\075\004\101\004\102\004\100\004\103\004\072\004\102\004\076\004\100\000\050\004\113\000\051}{section.3.3}% 33
\BOOKMARK [3][-]{subsubsection.3.3.1.1}{\376\377\0003\000.\0003\000.\0001\000.\0001\000\040\000L\000o\000g\000g\000e\000r\000\050\000\051}{subsection.3.3.1}% 34
\BOOKMARK [3][-]{subsubsection.3.3.1.2}{\376\377\0003\000.\0003\000.\0001\000.\0002\000\040\000~\000L\000o\000g\000g\000e\000r\000\050\000\051}{subsection.3.3.1}% 35
\BOOKMARK [2][-]{subsection.3.3.2}{\376\377\0003\000.\0003\000.\0002\000\040\004\034\004\065\004\102\004\076\004\064\004\113}{section.3.3}% 36
\BOOKMARK [3][-]{subsubsection.3.3.2.1}{\376\377\0003\000.\0003\000.\0002\000.\0001\000\040\000g\000e\000t\000C\000u\000r\000r\000e\000n\000t\000T\000i\000m\000e\000\050\000\051}{subsection.3.3.2}% 37
\BOOKMARK [3][-]{subsubsection.3.3.2.2}{\376\377\0003\000.\0003\000.\0002\000.\0002\000\040\000g\000e\000t\000I\000n\000s\000t\000a\000n\000c\000e\000\050\000\051}{subsection.3.3.2}% 38
\BOOKMARK [3][-]{subsubsection.3.3.2.3}{\376\377\0003\000.\0003\000.\0002\000.\0003\000\040\000i\000n\000i\000t\000i\000a\000l\000i\000z\000e\000\050\000\051}{subsection.3.3.2}% 39
\BOOKMARK [3][-]{subsubsection.3.3.2.4}{\376\377\0003\000.\0003\000.\0002\000.\0004\000\040\000l\000o\000g\000\050\000\051}{subsection.3.3.2}% 40
\BOOKMARK [3][-]{subsubsection.3.3.2.5}{\376\377\0003\000.\0003\000.\0002\000.\0005\000\040\000r\000e\000s\000e\000t\000\050\000\051}{subsection.3.3.2}% 41
\BOOKMARK [2][-]{subsection.3.3.3}{\376\377\0003\000.\0003\000.\0003\000\040\004\024\004\060\004\075\004\075\004\113\004\065\000\040\004\072\004\073\004\060\004\101\004\101\004\060}{section.3.3}% 42
\BOOKMARK [3][-]{subsubsection.3.3.3.1}{\376\377\0003\000.\0003\000.\0003\000.\0001\000\040\000m\000\137\000f\000i\000l\000e\000n\000a\000m\000e}{subsection.3.3.3}% 43
\BOOKMARK [3][-]{subsubsection.3.3.3.2}{\376\377\0003\000.\0003\000.\0003\000.\0002\000\040\000m\000\137\000i\000n\000i\000t\000i\000a\000l\000i\000z\000e\000d}{subsection.3.3.3}% 44
\BOOKMARK [3][-]{subsubsection.3.3.3.3}{\376\377\0003\000.\0003\000.\0003\000.\0003\000\040\000m\000\137\000l\000o\000g\000F\000i\000l\000e}{subsection.3.3.3}% 45
\BOOKMARK [1][-]{section.3.4}{\376\377\0003\000.\0004\000\040\004\041\004\102\004\100\004\103\004\072\004\102\004\103\004\100\004\060\000\040\000P\000a\000r\000a\000m\000s}{chapter.3}% 46
\BOOKMARK [2][-]{subsection.3.4.1}{\376\377\0003\000.\0004\000.\0001\000\040\004\024\004\060\004\075\004\075\004\113\004\065\000\040\004\072\004\073\004\060\004\101\004\101\004\060}{section.3.4}% 47
\BOOKMARK [3][-]{subsubsection.3.4.1.1}{\376\377\0003\000.\0004\000.\0001\000.\0001\000\040\000d\000b\000F\000i\000l\000e}{subsection.3.4.1}% 48
\BOOKMARK [3][-]{subsubsection.3.4.1.2}{\376\377\0003\000.\0004\000.\0001\000.\0002\000\040\000l\000o\000g\000F\000i\000l\000e}{subsection.3.4.1}% 49
\BOOKMARK [3][-]{subsubsection.3.4.1.3}{\376\377\0003\000.\0004\000.\0001\000.\0003\000\040\000p\000o\000r\000t}{subsection.3.4.1}% 50
\BOOKMARK [1][-]{section.3.5}{\376\377\0003\000.\0005\000\040\004\032\004\073\004\060\004\101\004\101\000\040\000S\000e\000r\000v\000e\000r}{chapter.3}% 51
\BOOKMARK [2][-]{subsection.3.5.1}{\376\377\0003\000.\0005\000.\0001\000\040\004\037\004\076\004\064\004\100\004\076\004\061\004\075\004\076\004\065\000\040\004\076\004\077\004\070\004\101\004\060\004\075\004\070\004\065}{section.3.5}% 52
\BOOKMARK [2][-]{subsection.3.5.2}{\376\377\0003\000.\0005\000.\0002\000\040\004\032\004\076\004\075\004\101\004\102\004\100\004\103\004\072\004\102\004\076\004\100\000\050\004\113\000\051}{section.3.5}% 53
\BOOKMARK [3][-]{subsubsection.3.5.2.1}{\376\377\0003\000.\0005\000.\0002\000.\0001\000\040\000S\000e\000r\000v\000e\000r\000\050\000\051}{subsection.3.5.2}% 54
\BOOKMARK [2][-]{subsection.3.5.3}{\376\377\0003\000.\0005\000.\0003\000\040\004\034\004\065\004\102\004\076\004\064\004\113}{section.3.5}% 55
\BOOKMARK [3][-]{subsubsection.3.5.3.1}{\376\377\0003\000.\0005\000.\0003\000.\0001\000\040\000a\000u\000t\000h\000e\000n\000t\000i\000c\000a\000t\000e\000C\000l\000i\000e\000n\000t\000\050\000\051}{subsection.3.5.3}% 56
\BOOKMARK [3][-]{subsubsection.3.5.3.2}{\376\377\0003\000.\0005\000.\0003\000.\0002\000\040\000b\000i\000n\000d\000S\000o\000c\000k\000e\000t\000\050\000\051}{subsection.3.5.3}% 57
\BOOKMARK [3][-]{subsubsection.3.5.3.3}{\376\377\0003\000.\0005\000.\0003\000.\0003\000\040\000c\000r\000e\000a\000t\000e\000S\000o\000c\000k\000e\000t\000\050\000\051}{subsection.3.5.3}% 58
\BOOKMARK [3][-]{subsubsection.3.5.3.4}{\376\377\0003\000.\0005\000.\0003\000.\0004\000\040\000h\000a\000n\000d\000l\000e\000C\000l\000i\000e\000n\000t\000\050\000\051}{subsection.3.5.3}% 59
\BOOKMARK [3][-]{subsubsection.3.5.3.5}{\376\377\0003\000.\0005\000.\0003\000.\0005\000\040\000i\000n\000i\000t\000i\000a\000l\000i\000z\000e\000\050\000\051}{subsection.3.5.3}% 60
\BOOKMARK [3][-]{subsubsection.3.5.3.6}{\376\377\0003\000.\0005\000.\0003\000.\0006\000\040\000p\000r\000o\000c\000e\000s\000s\000V\000e\000c\000t\000o\000r\000s\000\050\000\051}{subsection.3.5.3}% 61
\BOOKMARK [3][-]{subsubsection.3.5.3.7}{\376\377\0003\000.\0005\000.\0003\000.\0007\000\040\000r\000u\000n\000\050\000\051}{subsection.3.5.3}% 62
\BOOKMARK [3][-]{subsubsection.3.5.3.8}{\376\377\0003\000.\0005\000.\0003\000.\0008\000\040\000s\000t\000a\000r\000t\000L\000i\000s\000t\000e\000n\000i\000n\000g\000\050\000\051}{subsection.3.5.3}% 63
\BOOKMARK [3][-]{subsubsection.3.5.3.9}{\376\377\0003\000.\0005\000.\0003\000.\0009\000\040\000s\000t\000o\000p\000\050\000\051}{subsection.3.5.3}% 64
\BOOKMARK [2][-]{subsection.3.5.4}{\376\377\0003\000.\0005\000.\0004\000\040\004\024\004\060\004\075\004\075\004\113\004\065\000\040\004\072\004\073\004\060\004\101\004\101\004\060}{section.3.5}% 65
\BOOKMARK [3][-]{subsubsection.3.5.4.1}{\376\377\0003\000.\0005\000.\0004\000.\0001\000\040\000m\000\137\000p\000o\000r\000t}{subsection.3.5.4}% 66
\BOOKMARK [3][-]{subsubsection.3.5.4.2}{\376\377\0003\000.\0005\000.\0004\000.\0002\000\040\000m\000\137\000r\000u\000n\000n\000i\000n\000g}{subsection.3.5.4}% 67
\BOOKMARK [3][-]{subsubsection.3.5.4.3}{\376\377\0003\000.\0005\000.\0004\000.\0003\000\040\000m\000\137\000s\000e\000r\000v\000e\000r\000S\000o\000c\000k\000e\000t}{subsection.3.5.4}% 68
\BOOKMARK [3][-]{subsubsection.3.5.4.4}{\376\377\0003\000.\0005\000.\0004\000.\0004\000\040\000m\000\137\000u\000s\000e\000r\000D\000b\000F\000i\000l\000e}{subsection.3.5.4}% 69
\BOOKMARK [1][-]{section.3.6}{\376\377\0003\000.\0006\000\040\004\032\004\073\004\060\004\101\004\101\000\040\000S\000H\000A\0002\0005\0006}{chapter.3}% 70
\BOOKMARK [2][-]{subsection.3.6.1}{\376\377\0003\000.\0006\000.\0001\000\040\004\034\004\065\004\102\004\076\004\064\004\113}{section.3.6}% 71
\BOOKMARK [3][-]{subsubsection.3.6.1.1}{\376\377\0003\000.\0006\000.\0001\000.\0001\000\040\000h\000a\000s\000h\000\050\000\051}{subsection.3.6.1}% 72
\BOOKMARK [1][-]{section.3.7}{\376\377\0003\000.\0007\000\040\004\032\004\073\004\060\004\101\004\101\000\040\000V\000e\000c\000t\000o\000r\000P\000r\000o\000c\000e\000s\000s\000o\000r}{chapter.3}% 73
\BOOKMARK [2][-]{subsection.3.7.1}{\376\377\0003\000.\0007\000.\0001\000\040\004\037\004\076\004\064\004\100\004\076\004\061\004\075\004\076\004\065\000\040\004\076\004\077\004\070\004\101\004\060\004\075\004\070\004\065}{section.3.7}% 74
\BOOKMARK [2][-]{subsection.3.7.2}{\376\377\0003\000.\0007\000.\0002\000\040\004\034\004\065\004\102\004\076\004\064\004\113}{section.3.7}% 75
\BOOKMARK [3][-]{subsubsection.3.7.2.1}{\376\377\0003\000.\0007\000.\0002\000.\0001\000\040\000c\000o\000m\000p\000u\000t\000e\000P\000r\000o\000d\000u\000c\000t\000\050\000\051}{subsection.3.7.2}% 76
\BOOKMARK [0][-]{chapter.4}{\376\377\0004\000\040\004\044\004\060\004\071\004\073\004\113}{}% 77
\BOOKMARK [1][-]{section.4.1}{\376\377\0004\000.\0001\000\040\004\044\004\060\004\071\004\073\000\040\000s\000r\000c\000/\000A\000u\000t\000h\000M\000a\000n\000a\000g\000e\000r\000.\000c\000p\000p}{chapter.4}% 78
\BOOKMARK [1][-]{section.4.2}{\376\377\0004\000.\0002\000\040\004\044\004\060\004\071\004\073\000\040\000s\000r\000c\000/\000A\000u\000t\000h\000M\000a\000n\000a\000g\000e\000r\000.\000h}{chapter.4}% 79
\BOOKMARK [2][-]{subsection.4.2.1}{\376\377\0004\000.\0002\000.\0001\000\040\004\037\004\076\004\064\004\100\004\076\004\061\004\075\004\076\004\065\000\040\004\076\004\077\004\070\004\101\004\060\004\075\004\070\004\065}{section.4.2}% 80
\BOOKMARK [1][-]{section.4.3}{\376\377\0004\000.\0003\000\040\000A\000u\000t\000h\000M\000a\000n\000a\000g\000e\000r\000.\000h}{chapter.4}% 81
\BOOKMARK [1][-]{section.4.4}{\376\377\0004\000.\0004\000\040\004\044\004\060\004\071\004\073\000\040\000s\000r\000c\000/\000I\000n\000t\000e\000r\000f\000a\000c\000e\000.\000c\000p\000p}{chapter.4}% 82
\BOOKMARK [1][-]{section.4.5}{\376\377\0004\000.\0005\000\040\004\044\004\060\004\071\004\073\000\040\000s\000r\000c\000/\000I\000n\000t\000e\000r\000f\000a\000c\000e\000.\000h}{chapter.4}% 83
\BOOKMARK [2][-]{subsection.4.5.1}{\376\377\0004\000.\0005\000.\0001\000\040\004\037\004\076\004\064\004\100\004\076\004\061\004\075\004\076\004\065\000\040\004\076\004\077\004\070\004\101\004\060\004\075\004\070\004\065}{section.4.5}% 84
\BOOKMARK [1][-]{section.4.6}{\376\377\0004\000.\0006\000\040\000I\000n\000t\000e\000r\000f\000a\000c\000e\000.\000h}{chapter.4}% 85
\BOOKMARK [1][-]{section.4.7}{\376\377\0004\000.\0007\000\040\004\044\004\060\004\071\004\073\000\040\000s\000r\000c\000/\000L\000o\000g\000g\000e\000r\000.\000c\000p\000p}{chapter.4}% 86
\BOOKMARK [1][-]{section.4.8}{\376\377\0004\000.\0008\000\040\004\044\004\060\004\071\004\073\000\040\000s\000r\000c\000/\000L\000o\000g\000g\000e\000r\000.\000h}{chapter.4}% 87
\BOOKMARK [2][-]{subsection.4.8.1}{\376\377\0004\000.\0008\000.\0001\000\040\004\037\004\065\004\100\004\065\004\107\004\070\004\101\004\073\004\065\004\075\004\070\004\117}{section.4.8}% 88
\BOOKMARK [3][-]{subsubsection.4.8.1.1}{\376\377\0004\000.\0008\000.\0001\000.\0001\000\040\000L\000o\000g\000L\000e\000v\000e\000l}{subsection.4.8.1}% 89
\BOOKMARK [1][-]{section.4.9}{\376\377\0004\000.\0009\000\040\000L\000o\000g\000g\000e\000r\000.\000h}{chapter.4}% 90
\BOOKMARK [1][-]{section.4.10}{\376\377\0004\000.\0001\0000\000\040\004\044\004\060\004\071\004\073\000\040\000s\000r\000c\000/\000m\000a\000i\000n\000.\000c\000p\000p}{chapter.4}% 91
\BOOKMARK [2][-]{subsection.4.10.1}{\376\377\0004\000.\0001\0000\000.\0001\000\040\004\044\004\103\004\075\004\072\004\106\004\070\004\070}{section.4.10}% 92
\BOOKMARK [3][-]{subsubsection.4.10.1.1}{\376\377\0004\000.\0001\0000\000.\0001\000.\0001\000\040\000m\000a\000i\000n\000\050\000\051}{subsection.4.10.1}% 93
\BOOKMARK [1][-]{section.4.11}{\376\377\0004\000.\0001\0001\000\040\004\044\004\060\004\071\004\073\000\040\000s\000r\000c\000/\000S\000e\000r\000v\000e\000r\000.\000c\000p\000p}{chapter.4}% 94
\BOOKMARK [1][-]{section.4.12}{\376\377\0004\000.\0001\0002\000\040\004\044\004\060\004\071\004\073\000\040\000s\000r\000c\000/\000S\000e\000r\000v\000e\000r\000.\000h}{chapter.4}% 95
\BOOKMARK [2][-]{subsection.4.12.1}{\376\377\0004\000.\0001\0002\000.\0001\000\040\004\037\004\076\004\064\004\100\004\076\004\061\004\075\004\076\004\065\000\040\004\076\004\077\004\070\004\101\004\060\004\075\004\070\004\065}{section.4.12}% 96
\BOOKMARK [1][-]{section.4.13}{\376\377\0004\000.\0001\0003\000\040\000S\000e\000r\000v\000e\000r\000.\000h}{chapter.4}% 97
\BOOKMARK [1][-]{section.4.14}{\376\377\0004\000.\0001\0004\000\040\004\044\004\060\004\071\004\073\000\040\000s\000r\000c\000/\000S\000H\000A\0002\0005\0006\000.\000c\000p\000p}{chapter.4}% 98
\BOOKMARK [1][-]{section.4.15}{\376\377\0004\000.\0001\0005\000\040\004\044\004\060\004\071\004\073\000\040\000s\000r\000c\000/\000S\000H\000A\0002\0005\0006\000.\000h}{chapter.4}% 99
\BOOKMARK [1][-]{section.4.16}{\376\377\0004\000.\0001\0006\000\040\000S\000H\000A\0002\0005\0006\000.\000h}{chapter.4}% 100
\BOOKMARK [1][-]{section.4.17}{\376\377\0004\000.\0001\0007\000\040\004\044\004\060\004\071\004\073\000\040\000s\000r\000c\000/\000V\000e\000c\000t\000o\000r\000P\000r\000o\000c\000e\000s\000s\000o\000r\000.\000c\000p\000p}{chapter.4}% 101
\BOOKMARK [1][-]{section.4.18}{\376\377\0004\000.\0001\0008\000\040\004\044\004\060\004\071\004\073\000\040\000s\000r\000c\000/\000V\000e\000c\000t\000o\000r\000P\000r\000o\000c\000e\000s\000s\000o\000r\000.\000h}{chapter.4}% 102
\BOOKMARK [2][-]{subsection.4.18.1}{\376\377\0004\000.\0001\0008\000.\0001\000\040\004\037\004\076\004\064\004\100\004\076\004\061\004\075\004\076\004\065\000\040\004\076\004\077\004\070\004\101\004\060\004\075\004\070\004\065}{section.4.18}% 103
\BOOKMARK [1][-]{section.4.19}{\376\377\0004\000.\0001\0009\000\040\000V\000e\000c\000t\000o\000r\000P\000r\000o\000c\000e\000s\000s\000o\000r\000.\000h}{chapter.4}% 104
\BOOKMARK [0][-]{section*.43}{\376\377\004\037\004\100\004\065\004\064\004\074\004\065\004\102\004\075\004\113\004\071\000\040\004\103\004\072\004\060\004\067\004\060\004\102\004\065\004\073\004\114}{}% 105
